Archive member included to satisfy reference by file (symbol)

../../addon/ugui/libugui.a(ugui.o)
                              casswindow.o (UG_FillFrame)
../../addon/ugui/libugui.a(uguicpp.o)
                              kernel.o (CUGUI::CUGUI(CScreenDevice*))
../../lib/usb/libusb.a(dwhcidevice.o)
                              kernel.o (CDWHCIDevice::~CDWHCIDevice())
../../lib/usb/libusb.a(dwhciregister.o)
                              ../../lib/usb/libusb.a(dwhcidevice.o) (CDWHCIRegister::CDWHCIRegister(unsigned int))
../../lib/usb/libusb.a(dwhcixferstagedata.o)
                              ../../lib/usb/libusb.a(dwhcidevice.o) (CDWHCITransferStageData::~CDWHCITransferStageData())
../../lib/usb/libusb.a(usbdevice.o)
                              ../../lib/usb/libusb.a(dwhcixferstagedata.o) (CUSBDevice::GetAddress() const)
../../lib/usb/libusb.a(usbendpoint.o)
                              ../../lib/usb/libusb.a(usbdevice.o) (CUSBEndpoint::CUSBEndpoint(CUSBDevice*))
../../lib/usb/libusb.a(usbhostcontroller.o)
                              ../../lib/usb/libusb.a(dwhcidevice.o) (CUSBHostController::CUSBHostController())
../../lib/usb/libusb.a(usbrequest.o)
                              ../../lib/usb/libusb.a(usbhostcontroller.o) (CUSBRequest::CUSBRequest(CUSBEndpoint*, void*, unsigned int, TSetupData*))
../../lib/usb/libusb.a(usbdevicefactory.o)
                              ../../lib/usb/libusb.a(usbdevice.o) (CUSBDeviceFactory::GetDevice(CUSBFunction*, CString*))
../../lib/usb/libusb.a(usbstandardhub.o)
                              ../../lib/usb/libusb.a(usbdevicefactory.o) (CUSBStandardHub::CUSBStandardHub(CUSBFunction*))
../../lib/usb/libusb.a(usbmassdevice.o)
                              ../../lib/usb/libusb.a(usbdevicefactory.o) (CUSBBulkOnlyMassStorageDevice::CUSBBulkOnlyMassStorageDevice(CUSBFunction*))
../../lib/usb/libusb.a(dwhciframeschednper.o)
                              ../../lib/usb/libusb.a(dwhcixferstagedata.o) (CDWHCIFrameSchedulerNonPeriodic::CDWHCIFrameSchedulerNonPeriodic())
../../lib/usb/libusb.a(dwhciframeschedper.o)
                              ../../lib/usb/libusb.a(dwhcixferstagedata.o) (CDWHCIFrameSchedulerPeriodic::CDWHCIFrameSchedulerPeriodic())
../../lib/usb/libusb.a(usbkeyboard.o)
                              ../../lib/usb/libusb.a(usbdevicefactory.o) (CUSBKeyboardDevice::CUSBKeyboardDevice(CUSBFunction*))
../../lib/usb/libusb.a(dwhcirootport.o)
                              ../../lib/usb/libusb.a(dwhcidevice.o) (CDWHCIRootPort::CDWHCIRootPort(CDWHCIDevice*))
../../lib/usb/libusb.a(usbhiddevice.o)
                              ../../lib/usb/libusb.a(usbkeyboard.o) (CUSBHIDDevice::CUSBHIDDevice(CUSBFunction*, unsigned int))
../../lib/usb/libusb.a(usbmouse.o)
                              ../../lib/usb/libusb.a(usbdevicefactory.o) (CUSBMouseDevice::CUSBMouseDevice(CUSBFunction*))
../../lib/usb/libusb.a(usbgamepad.o)
                              ../../lib/usb/libusb.a(usbdevicefactory.o) (CUSBGamePadDevice::CUSBGamePadDevice(CUSBFunction*))
../../lib/usb/libusb.a(usbfunction.o)
                              ../../lib/usb/libusb.a(usbdevice.o) (CUSBFunction::Initialize())
../../lib/usb/libusb.a(dwhciframeschednsplit.o)
                              ../../lib/usb/libusb.a(dwhcixferstagedata.o) (CDWHCIFrameSchedulerNoSplit::CDWHCIFrameSchedulerNoSplit(int))
../../lib/usb/libusb.a(usbprinter.o)
                              ../../lib/usb/libusb.a(usbdevicefactory.o) (CUSBPrinterDevice::CUSBPrinterDevice(CUSBFunction*))
../../lib/usb/libusb.a(usbbluetooth.o)
                              ../../lib/usb/libusb.a(usbdevicefactory.o) (CUSBBluetoothDevice::CUSBBluetoothDevice(CUSBFunction*))
../../lib/usb/libusb.a(usbmidi.o)
                              ../../lib/usb/libusb.a(usbdevicefactory.o) (CUSBMIDIDevice::CUSBMIDIDevice(CUSBFunction*))
../../lib/usb/libusb.a(usbcdcethernet.o)
                              ../../lib/usb/libusb.a(usbdevicefactory.o) (CUSBCDCEthernetDevice::CUSBCDCEthernetDevice(CUSBFunction*))
../../lib/usb/libusb.a(usbconfigparser.o)
                              ../../lib/usb/libusb.a(usbdevice.o) (CUSBConfigurationParser::CUSBConfigurationParser(void const*, unsigned int))
../../lib/usb/libusb.a(usbstring.o)
                              ../../lib/usb/libusb.a(usbcdcethernet.o) (CUSBString::CUSBString(CUSBDevice*))
../../lib/usb/libusb.a(smsc951x.o)
                              ../../lib/usb/libusb.a(usbdevicefactory.o) (CSMSC951xDevice::CSMSC951xDevice(CUSBFunction*))
../../lib/usb/libusb.a(macaddress.o)
                              ../../lib/usb/libusb.a(usbcdcethernet.o) (CMACAddress::CMACAddress())
../../lib/usb/libusb.a(netdevice.o)
                              ../../lib/usb/libusb.a(usbcdcethernet.o) (CNetDevice::CNetDevice(CUSBFunction*))
../../lib/input/libinput.a(keyboardbehaviour.o)
                              ../../lib/usb/libusb.a(usbkeyboard.o) (CKeyboardBehaviour::CKeyboardBehaviour())
../../lib/input/libinput.a(keymap.o)
[...]
Memory Configuration

Name             Origin             Length             Attributes
*default*        0x0000000000000000 0xffffffffffffffff

Linker script and memory map

                0x0000000000008000                . = 0x8000

.text           0x0000000000008000    0x340f8
 *(.text*)
 .text          0x0000000000008000       0x64 ../../lib/startup.o
                0x0000000000008000                _start
 .text          0x0000000000008064        0x0 main.o
 .text.startup  0x0000000000008064       0x7c main.o
                0x0000000000008064                main
 .text          0x00000000000080e0      0xc8c kernel.o
                0x00000000000080e0                CKernel::CKernel()
                0x00000000000080e0                CKernel::CKernel()
                0x00000000000081f4                CKernel::reset()
                0x0000000000008280                CKernel::Initialize()
                0x00000000000084bc                CKernel::rotate(int, int)
                0x00000000000084c8                CKernel::dspcallback(unsigned int*, int)
                0x00000000000084e4                ReadVal()
                0x0000000000008550                CasWrite(CassetteTape*, int)
                0x00000000000085bc                LoopZ80
                0x00000000000085c4                PatchZ80
                0x00000000000085c8                memset(unsigned char*, int, int)
                0x00000000000085e8                CKernel::~CKernel()
                0x00000000000085e8                CKernel::~CKernel()
                0x000000000000868c                CKernel::Run()
                0x00000000000088c0                CKernel::KeyStatusHandlerRaw(unsigned char, unsigned char const*)
                0x00000000000089dc                CKernel::printf(char const*, ...)
                0x0000000000008a48                CasRead(CassetteTape*)
                0x0000000000008b28                InZ80
                0x0000000000008c00                printf
                0x0000000000008c48                OutZ80
 .text          0x0000000000008d6c    0x15d94 Z80SPC.o
                0x00000000000164ec                WrZ80
                0x00000000000164fc                RdZ80
                0x0000000000016528                ResetZ80
                0x0000000000016568                ExecZ80
                0x000000000001a3a8                IntZ80
                0x000000000001a624                RunZ80
 .text          0x000000000001eb00        0x0 spcall.o
 .text          0x000000000001eb00      0x700 MC6847.o
                0x000000000001eb00                Update6847
                0x000000000001f018                InitMC6847
 .text          0x000000000001f200      0xb14 AY8910.o
                0x000000000001f200                CAY8910::Reset8910(AY8910*, int)
                0x000000000001f288                CAY8910::WrCtrl8910(AY8910*, unsigned char)
                0x000000000001f294                CAY8910::RdData8910(AY8910*)
                0x000000000001f2a0                CAY8910::Sync8910(AY8910*, unsigned char)
                0x000000000001f35c                CAY8910::Write8910(AY8910*, unsigned char, unsigned char)
                0x000000000001f6a4                CAY8910::WrData8910(AY8910*, unsigned char)
                0x000000000001f6b0                CAY8910::Loop8910(AY8910*, int)
                0x000000000001f7c4                CAY8910::SndQueueInit()
                0x000000000001f82c                CAY8910::CAY8910(CTimer*)
                0x000000000001f82c                CAY8910::CAY8910(CTimer*)
                0x000000000001f868                CAY8910::SndEnqueue(int, int, int)
                0x000000000001f910                CAY8910::SndDequeue()
                0x000000000001f984                CAY8910::Sound(int, int, int)
                0x000000000001f9e0                CAY8910::DSPCallBack(unsigned int*, int)
                0x000000000001fd10                CAY8910::SetSound(int, int)
 .text          0x000000000001fd14      0x224 pwmsound.o
                0x000000000001fd14                CPWMSound::~CPWMSound()
                0x000000000001fd14                CPWMSound::~CPWMSound()
                0x000000000001fd3c                CPWMSound::~CPWMSound()
                0x000000000001fd70                CPWMSound::GetChunk(unsigned int*, unsigned int)
                0x000000000001fdf4                CPWMSound::CPWMSound(CInterruptSystem*)
                0x000000000001fdf4                CPWMSound::CPWMSound(CInterruptSystem*)
                0x000000000001fe68                CPWMSound::Playback(void*, unsigned int, unsigned int, unsigned int)
                0x000000000001ff30                CPWMSound::PlaybackActive() const
                0x000000000001ff34                CPWMSound::CancelPlayback()
 .text          0x000000000001ff38      0x1d0 casswindow.o
                0x000000000001ff38                CCassWindow::Callback(UG_MESSAGE*)
                0x000000000001ff3c                CCassWindow::CCassWindow(short, short)
                0x000000000001ff3c                CCassWindow::CCassWindow(short, short)
                0x0000000000020034                CCassWindow::~CCassWindow()
                0x0000000000020034                CCassWindow::~CCassWindow()
                0x0000000000020050                CCassWindow::Update(int)
 .text          0x0000000000020108     0x607c ../../addon/ugui/libugui.a(ugui.o)
                0x000000000002050c                UG_Init
                0x00000000000205a8                UG_SelectGUI
                0x00000000000205bc                UG_FontSelect
                0x00000000000205e8                UG_FillFrame
                0x00000000000206ac                UG_FillScreen
                0x00000000000206f0                UG_DrawMesh
                0x0000000000020770                UG_DrawPixel
                0x0000000000020784                UG_DrawCircle
                0x00000000000207a0                UG_DrawArc
                0x00000000000207c4                UG_DrawLine
                0x0000000000020988                UG_FillRoundFrame
                0x0000000000020b2c                UG_DrawFrame
                0x0000000000020ba4                UG_DrawRoundFrame
                0x0000000000020d80                UG_FillCircle
                0x0000000000020eec                UG_ConsoleSetArea
                0x0000000000020f0c                UG_ConsoleSetForecolor
                0x0000000000020f20                UG_ConsoleSetBackcolor
                0x0000000000020f34                UG_SetForecolor
                0x0000000000020f48                UG_SetBackcolor
                0x0000000000020f5c                UG_GetXDim
                0x0000000000020f70                UG_GetYDim
                0x0000000000020f84                UG_FontSetHSpace
                0x0000000000020f98                UG_FontSetVSpace
                0x0000000000020fac                _UG_PutChar
                0x0000000000021614                UG_PutChar
                0x0000000000021644                UG_PutString
                0x000000000002171c                UG_ConsolePutString
                0x0000000000021828                _UG_PutText
                0x0000000000021a74                _UG_GetFreeObject
                0x0000000000021ad0                _UG_SearchObject
                0x0000000000021b4c                _UG_DeleteObject
                0x0000000000021bd4                _UG_ProcessTouchData
                0x0000000000021cd4                _UG_UpdateObjects
                0x0000000000021d74                _UG_HandleEvents
                0x0000000000021e34                _UG_DrawObjectFrame
                0x0000000000022030                _UG_SendObjectPrerenderEvent
                0x000000000002206c                _UG_SendObjectPostrenderEvent
                0x00000000000220ac                UG_DriverRegister
                0x00000000000220d4                UG_DriverEnable
                0x0000000000022100                UG_DriverDisable
                0x000000000002212c                UG_WaitForUpdate
                0x0000000000022148                UG_DrawBMP
                0x0000000000022210                UG_TouchUpdate
                0x000000000002222c                UG_WindowCreate
                0x00000000000222f0                UG_WindowDelete
                0x0000000000022348                UG_WindowShow
                0x0000000000022378                UG_WindowResize
                0x0000000000022520                UG_WindowAlert
                0x000000000002255c                UG_WindowSetForeColor
                0x000000000002258c                UG_WindowSetBackColor
                0x00000000000225bc                UG_WindowSetTitleTextColor
                0x00000000000225ec                UG_WindowSetTitleColor
                0x000000000002261c                UG_WindowSetTitleInactiveTextColor
                0x000000000002264c                UG_WindowSetTitleInactiveColor
                0x000000000002267c                UG_WindowSetTitleText
                0x00000000000226ac                UG_WindowSetTitleTextFont
                0x0000000000022710                UG_WindowSetTitleTextHSpace
                0x0000000000022740                UG_WindowSetTitleTextVSpace
                0x0000000000022770                UG_WindowSetTitleTextAlignment
                0x00000000000227a0                UG_WindowSetTitleHeight
                0x00000000000227d4                UG_WindowSetXStart
                0x0000000000022828                UG_WindowSetYStart
                0x0000000000022880                UG_WindowSetXEnd
                0x00000000000228d8                UG_WindowSetYEnd
                0x0000000000022930                UG_WindowSetStyle
                0x0000000000022980                UG_WindowGetForeColor
                0x00000000000229a0                UG_WindowGetBackColor
                0x00000000000229c0                UG_WindowGetTitleTextColor
                0x00000000000229e0                UG_WindowGetTitleColor
                0x0000000000022a00                UG_WindowGetTitleInactiveTextColor
                0x0000000000022a20                UG_WindowGetTitleInactiveColor
                0x0000000000022a40                UG_WindowGetTitleText
                0x0000000000022a5c                UG_WindowGetTitleTextFont
                0x0000000000022a78                UG_WindowGetTitleTextHSpace
                0x0000000000022a98                UG_WindowGetTitleTextVSpace
                0x0000000000022ab8                UG_WindowGetTitleTextAlignment
                0x0000000000022ad8                UG_WindowGetTitleHeight
                0x0000000000022af8                UG_WindowGetXStart
                0x0000000000022b1c                UG_WindowGetYStart
                0x0000000000022b40                UG_WindowGetXEnd
                0x0000000000022b64                UG_WindowGetYEnd
                0x0000000000022b88                UG_WindowGetStyle
                0x0000000000022ba8                UG_WindowGetArea
                0x0000000000022c44                _UG_ButtonUpdate
                0x0000000000022f78                _UG_CheckboxUpdate
                0x00000000000235f4                _UG_TextboxUpdate
                0x0000000000023798                _UG_ImageUpdate
                0x0000000000023890                UG_WindowGetInnerWidth
                0x00000000000238d8                UG_WindowGetOuterWidth
                0x0000000000023908                UG_WindowGetInnerHeight
                0x0000000000023960                UG_WindowGetOuterHeight
                0x0000000000023990                _UG_WindowDrawTitle
                0x0000000000023acc                _UG_WindowUpdate
                0x0000000000023c28                UG_Update
                0x0000000000023d40                _UG_WindowClear
                0x0000000000023dc8                UG_WindowHide
                0x0000000000023e90                UG_ButtonCreate
                0x0000000000023fb8                UG_ButtonDelete
                0x0000000000023fc4                UG_ButtonShow
                0x0000000000024034                UG_ButtonHide
                0x00000000000240c8                UG_ButtonSetForeColor
                0x0000000000024144                UG_ButtonSetBackColor
                0x00000000000241c0                UG_ButtonSetAlternateForeColor
                0x000000000002423c                UG_ButtonSetAlternateBackColor
                0x00000000000242b8                UG_ButtonSetText
                0x0000000000024334                UG_ButtonSetFont
                0x00000000000243b0                UG_ButtonSetStyle
                0x000000000002448c                UG_ButtonSetHSpace
                0x0000000000024508                UG_ButtonSetVSpace
                0x0000000000024584                UG_ButtonSetAlignment
                0x0000000000024600                UG_ButtonGetForeColor
                0x000000000002466c                UG_ButtonGetBackColor
                0x00000000000246d8                UG_ButtonGetAlternateForeColor
                0x0000000000024744                UG_ButtonGetAlternateBackColor
                0x00000000000247b0                UG_ButtonGetText
                0x000000000002481c                UG_ButtonGetFont
                0x0000000000024888                UG_ButtonGetStyle
                0x00000000000248f8                UG_ButtonGetHSpace
                0x0000000000024964                UG_ButtonGetVSpace
                0x00000000000249d0                UG_ButtonGetAlignment
                0x0000000000024a40                UG_CheckboxCreate
                0x0000000000024b6c                UG_CheckboxDelete
                0x0000000000024b78                UG_CheckboxShow
                0x0000000000024be8                UG_CheckboxHide
                0x0000000000024c7c                UG_CheckboxSetCheched
                0x0000000000024cf8                UG_CheckboxSetForeColor
                0x0000000000024d74                UG_CheckboxSetBackColor
                0x0000000000024df0                UG_CheckboxSetAlternateForeColor
                0x0000000000024e6c                UG_CheckboxSetAlternateBackColor
                0x0000000000024ee8                UG_CheckboxSetText
                0x0000000000024f64                UG_CheckboxSetFont
                0x0000000000024fe0                UG_CheckboxSetStyle
                0x00000000000250bc                UG_CheckboxSetHSpace
                0x0000000000025138                UG_CheckboxSetVSpace
                0x00000000000251b4                UG_CheckboxSetAlignment
                0x0000000000025230                UG_CheckboxGetChecked
                0x00000000000252a0                UG_CheckboxGetForeColor
                0x000000000002530c                UG_CheckboxGetBackColor
                0x0000000000025378                UG_CheckboxGetAlternateForeColor
                0x00000000000253e4                UG_CheckboxGetAlternateBackColor
                0x0000000000025450                UG_CheckboxGetText
                0x00000000000254bc                UG_CheckboxGetFont
                0x0000000000025528                UG_CheckboxGetStyle
                0x0000000000025598                UG_CheckboxGetHSpace
                0x0000000000025604                UG_CheckboxGetVSpace
                0x0000000000025670                UG_CheckboxGetAlignment
                0x00000000000256e0                UG_TextboxCreate
                0x00000000000257f4                UG_TextboxDelete
                0x0000000000025800                UG_TextboxShow
                0x0000000000025870                UG_TextboxHide
                0x00000000000258e4                UG_TextboxSetForeColor
                0x0000000000025960                UG_TextboxSetBackColor
                0x00000000000259dc                UG_TextboxSetText
                0x0000000000025a58                UG_TextboxSetFont
                0x0000000000025ad4                UG_TextboxSetHSpace
                0x0000000000025b50                UG_TextboxSetVSpace
                0x0000000000025bcc                UG_TextboxSetAlignment
                0x0000000000025c48                UG_TextboxGetForeColor
                0x0000000000025cb4                UG_TextboxGetBackColor
                0x0000000000025d20                UG_TextboxGetText
                0x0000000000025d8c                UG_TextboxGetFont
                0x0000000000025df8                UG_TextboxGetHSpace
                0x0000000000025e64                UG_TextboxGetVSpace
                0x0000000000025ed0                UG_TextboxGetAlignment
                0x0000000000025f40                UG_ImageCreate
                0x0000000000026010                UG_ImageDelete
                0x000000000002601c                UG_ImageShow
                0x000000000002608c                UG_ImageHide
                0x0000000000026100                UG_ImageSetBMP
 .text          0x0000000000026184      0x3bc ../../addon/ugui/libugui.a(uguicpp.o)
                0x0000000000026184                CUGUI::SetPixel(short, short, unsigned char)
                0x0000000000026208                CUGUI::CUGUI(CScreenDevice*)
                0x0000000000026208                CUGUI::CUGUI(CScreenDevice*)
                0x0000000000026258                CUGUI::~CUGUI()
                0x0000000000026258                CUGUI::~CUGUI()
                0x000000000002626c                CUGUI::Initialize()
                0x0000000000026398                CUGUI::Update()
                0x00000000000263e4                CUGUI::MouseEventHandler(TMouseEvent, unsigned int, unsigned int, unsigned int)
                0x0000000000026428                CUGUI::MouseEventStub(TMouseEvent, unsigned int, unsigned int, unsigned int)
                0x0000000000026494                CUGUI::TouchScreenEventHandler(TTouchScreenEvent, unsigned int, unsigned int, unsigned int)
                0x00000000000264d4                CUGUI::TouchScreenEventStub(TTouchScreenEvent, unsigned int, unsigned int, unsigned int)
 .text          0x0000000000026540     0x2554 ../../lib/usb/libusb.a(dwhcidevice.o)
                0x0000000000026540                CDWHCIDevice::CompletionRoutine(CUSBRequest*, void*, void*)
                0x00000000000265a0                CDWHCIDevice::~CDWHCIDevice()
                0x00000000000265a0                CDWHCIDevice::~CDWHCIDevice()
                0x00000000000265d4                CDWHCIDevice::~CDWHCIDevice()
                0x0000000000026670                CDWHCIDevice::CDWHCIDevice(CInterruptSystem*, CTimer*)
                0x0000000000026670                CDWHCIDevice::CDWHCIDevice(CInterruptSystem*, CTimer*)
                0x0000000000026758                CDWHCIDevice::GetPortSpeed()
                0x00000000000267ac                CDWHCIDevice::OvercurrentDetected()
                0x00000000000267e8                CDWHCIDevice::DisableRootPort()
                0x000000000002682c                CDWHCIDevice::PowerOn()
                0x0000000000026894                CDWHCIDevice::EnableGlobalInterrupts()
                0x00000000000268d8                CDWHCIDevice::EnableCommonInterrupts()
                0x0000000000026910                CDWHCIDevice::EnableHostInterrupts()
                0x000000000002696c                CDWHCIDevice::EnableChannelInterrupt(unsigned int)
                0x00000000000269e0                CDWHCIDevice::DisableChannelInterrupt(unsigned int)
                0x0000000000026a54                CDWHCIDevice::StartChannel(CDWHCITransferStageData*)
                0x0000000000026e28                CDWHCIDevice::StartTransaction(CDWHCITransferStageData*)
                0x0000000000026f44                CDWHCIDevice::TimerHandler(CDWHCITransferStageData*)
                0x0000000000027008                CDWHCIDevice::TimerStub(unsigned int, void*, void*)
                0x0000000000027078                CDWHCIDevice::AllocateChannel()
                0x0000000000027140                CDWHCIDevice::FreeChannel(unsigned int)
                0x00000000000271dc                CDWHCIDevice::TransferStageAsync(CUSBRequest*, int, int)
                0x000000000002733c                CDWHCIDevice::SubmitAsyncRequest(CUSBRequest*)
                0x0000000000027410                CDWHCIDevice::ChannelInterruptHandler(unsigned int)
                0x00000000000278f0                CDWHCIDevice::InterruptHandler()
                0x00000000000279e8                CDWHCIDevice::InterruptStub(void*)
                0x0000000000027a28                CDWHCIDevice::AllocateWaitBlock()
                0x0000000000027aa0                CDWHCIDevice::FreeWaitBlock(unsigned int)
                0x0000000000027b38                CDWHCIDevice::TransferStage(CUSBRequest*, int, int)
                0x0000000000027c28                CDWHCIDevice::SubmitBlockingRequest(CUSBRequest*)
                0x0000000000027e60                CDWHCIDevice::WaitForBit(CDWHCIRegister*, unsigned int, int, unsigned int)
                0x0000000000027f68                CDWHCIDevice::EnableRootPort()
                0x0000000000028028                CDWHCIDevice::Reset()
                0x00000000000280cc                CDWHCIDevice::InitCore()
                0x000000000002832c                CDWHCIDevice::FlushTxFIFO(unsigned int)
                0x00000000000283c8                CDWHCIDevice::FlushRxFIFO()
                0x0000000000028448                CDWHCIDevice::InitHost()
                0x000000000002864c                CDWHCIDevice::Initialize()
                0x000000000002888c                CDWHCIDevice::DumpRegister(char const*, unsigned int)
                0x00000000000288ec                CDWHCIDevice::DumpStatus(unsigned int)
 .text          0x0000000000028a94      0x2fc ../../lib/usb/libusb.a(dwhciregister.o)
                0x0000000000028a94                CDWHCIRegister::CDWHCIRegister(unsigned int)
                0x0000000000028a94                CDWHCIRegister::CDWHCIRegister(unsigned int)
                0x0000000000028aa4                CDWHCIRegister::CDWHCIRegister(unsigned int, unsigned int)
                0x0000000000028aa4                CDWHCIRegister::CDWHCIRegister(unsigned int, unsigned int)
                0x0000000000028ab4                CDWHCIRegister::~CDWHCIRegister()
                0x0000000000028ab4                CDWHCIRegister::~CDWHCIRegister()
                0x0000000000028ab8                CDWHCIRegister::Read()
                0x0000000000028ad4                CDWHCIRegister::Write()
                0x0000000000028b10                CDWHCIRegister::Get() const
                0x0000000000028b44                CDWHCIRegister::Set(unsigned int)
                0x0000000000028b54                CDWHCIRegister::IsSet(unsigned int) const
                0x0000000000028b9c                CDWHCIRegister::And(unsigned int)
                0x0000000000028bdc                CDWHCIRegister::Or(unsigned int)
                0x0000000000028c1c                CDWHCIRegister::ClearBit(unsigned int)
                0x0000000000028c80                CDWHCIRegister::SetBit(unsigned int)
                0x0000000000028ce4                CDWHCIRegister::ClearAll()
                0x0000000000028cf8                CDWHCIRegister::SetAll()
                0x0000000000028d0c                CDWHCIRegister::Dump() const
 .text          0x0000000000028d90      0x964 ../../lib/usb/libusb.a(dwhcixferstagedata.o)
                0x0000000000028d90                CDWHCITransferStageData::~CDWHCITransferStageData()
                0x0000000000028d90                CDWHCITransferStageData::~CDWHCITransferStageData()
                0x0000000000028dd4                CDWHCITransferStageData::TransactionComplete(unsigned int, unsigned int, unsigned int)
                0x0000000000028f88                CDWHCITransferStageData::SetSplitComplete(int)
                0x0000000000028fc0                CDWHCITransferStageData::SetState(unsigned int)
                0x0000000000028fc8                CDWHCITransferStageData::GetState() const
                0x0000000000028fd0                CDWHCITransferStageData::SetSubState(unsigned int)
                0x0000000000028fd8                CDWHCITransferStageData::GetSubState() const
                0x0000000000028fe0                CDWHCITransferStageData::BeginSplitCycle()
                0x0000000000028fe8                CDWHCITransferStageData::GetChannelNumber() const
                0x0000000000028ff0                CDWHCITransferStageData::IsPeriodic() const
                0x0000000000029040                CDWHCITransferStageData::CDWHCITransferStageData(unsigned int, CUSBRequest*, int, int)
                0x0000000000029040                CDWHCITransferStageData::CDWHCITransferStageData(unsigned int, CUSBRequest*, int, int)
                0x00000000000292e8                CDWHCITransferStageData::GetDeviceAddress() const
                0x000000000002932c                CDWHCITransferStageData::GetEndpointType() const
                0x00000000000293a8                CDWHCITransferStageData::GetEndpointNumber() const
                0x00000000000293ec                CDWHCITransferStageData::GetMaxPacketSize() const
                0x00000000000293f4                CDWHCITransferStageData::GetSpeed() const
                0x00000000000293fc                CDWHCITransferStageData::GetPID() const
                0x000000000002947c                CDWHCITransferStageData::IsDirectionIn() const
                0x0000000000029484                CDWHCITransferStageData::IsStatusStage() const
                0x000000000002948c                CDWHCITransferStageData::GetDMAAddress() const
                0x00000000000294d0                CDWHCITransferStageData::GetBytesToTransfer() const
                0x00000000000294d8                CDWHCITransferStageData::GetPacketsToTransfer() const
                0x00000000000294e0                CDWHCITransferStageData::IsSplit() const
                0x00000000000294e8                CDWHCITransferStageData::IsSplitComplete() const
                0x000000000002951c                CDWHCITransferStageData::GetHubAddress() const
                0x0000000000029590                CDWHCITransferStageData::GetHubPortAddress() const
                0x0000000000029604                CDWHCITransferStageData::GetSplitPosition() const
                0x000000000002960c                CDWHCITransferStageData::GetStatusMask() const
                0x0000000000029640                CDWHCITransferStageData::GetTransactionStatus() const
                0x0000000000029684                CDWHCITransferStageData::IsStageComplete() const
                0x0000000000029694                CDWHCITransferStageData::GetResultLen() const
                0x00000000000296a8                CDWHCITransferStageData::GetURB() const
                0x00000000000296ec                CDWHCITransferStageData::GetFrameScheduler() const
 .text          0x00000000000296f4      0xec8 ../../lib/usb/libusb.a(usbdevice.o)
                0x00000000000296f4                CUSBDevice::~CUSBDevice()
                0x00000000000296f4                CUSBDevice::~CUSBDevice()
                0x00000000000297a8                CUSBDevice::~CUSBDevice()
                0x00000000000297c8                CUSBDevice::CUSBDevice(CUSBHostController*, TUSBSpeed, int, unsigned char, unsigned char)
                0x00000000000297c8                CUSBDevice::CUSBDevice(CUSBHostController*, TUSBSpeed, int, unsigned char, unsigned char)
                0x00000000000298ac                CUSBDevice::GetName(TDeviceNameSelector) const
                0x00000000000299cc                CUSBDevice::GetNames() const
                0x0000000000029b00                CUSBDevice::SetAddress(unsigned char)
                0x0000000000029b40                CUSBDevice::GetAddress() const
                0x0000000000029b48                CUSBDevice::GetSpeed() const
                0x0000000000029b50                CUSBDevice::IsSplit() const
                0x0000000000029b58                CUSBDevice::GetHubAddress() const
                0x0000000000029b60                CUSBDevice::GetHubPortNumber() const
                0x0000000000029b68                CUSBDevice::GetEndpoint0() const
                0x0000000000029ba8                CUSBDevice::GetHost() const
                0x0000000000029bec                CUSBDevice::GetDeviceDescriptor() const
                0x0000000000029c2c                CUSBDevice::GetConfigurationDescriptor() const
                0x0000000000029c70                CUSBDevice::GetDescriptor(unsigned char)
                0x0000000000029cbc                CUSBDevice::ConfigurationError(char const*) const
                0x0000000000029d0c                CUSBDevice::LogWrite(TLogSeverity, char const*, ...)
                0x0000000000029dc0                CUSBDevice::Initialize()
                0x000000000002a4b4                CUSBDevice::Configure()
 .text          0x000000000002a5bc      0x480 ../../lib/usb/libusb.a(usbendpoint.o)
                0x000000000002a5bc                CUSBEndpoint::CUSBEndpoint(CUSBDevice*)
                0x000000000002a5bc                CUSBEndpoint::CUSBEndpoint(CUSBDevice*)
                0x000000000002a61c                CUSBEndpoint::CUSBEndpoint(CUSBDevice*, TUSBEndpointDescriptor const*)
                0x000000000002a61c                CUSBEndpoint::CUSBEndpoint(CUSBDevice*, TUSBEndpointDescriptor const*)
                0x000000000002a7cc                CUSBEndpoint::CUSBEndpoint(CUSBEndpoint*, CUSBDevice*)
                0x000000000002a7cc                CUSBEndpoint::CUSBEndpoint(CUSBEndpoint*, CUSBDevice*)
                0x000000000002a858                CUSBEndpoint::~CUSBEndpoint()
                0x000000000002a858                CUSBEndpoint::~CUSBEndpoint()
                0x000000000002a85c                CUSBEndpoint::GetDevice() const
                0x000000000002a89c                CUSBEndpoint::GetNumber() const
                0x000000000002a8a4                CUSBEndpoint::GetType() const
                0x000000000002a8ac                CUSBEndpoint::IsDirectionIn() const
                0x000000000002a8b4                CUSBEndpoint::SetMaxPacketSize(unsigned int)
                0x000000000002a8bc                CUSBEndpoint::GetMaxPacketSize() const
                0x000000000002a8c4                CUSBEndpoint::GetInterval() const
                0x000000000002a8f8                CUSBEndpoint::GetNextPID(int)
                0x000000000002a940                CUSBEndpoint::SkipPID(unsigned int, int)
                0x000000000002aa04                CUSBEndpoint::ResetPID()
 .text          0x000000000002aa3c      0x220 ../../lib/usb/libusb.a(usbhostcontroller.o)
                0x000000000002aa3c                CUSBHostController::CUSBHostController()
                0x000000000002aa3c                CUSBHostController::CUSBHostController()
                0x000000000002aa4c                CUSBHostController::~CUSBHostController()
                0x000000000002aa4c                CUSBHostController::~CUSBHostController()
                0x000000000002aa50                CUSBHostController::~CUSBHostController()
                0x000000000002aa68                CUSBHostController::ControlMessage(CUSBEndpoint*, unsigned char, unsigned char, unsigned short, unsigned short, void*, unsigned short)
                0x000000000002ab2c                CUSBHostController::GetDescriptor(CUSBEndpoint*, unsigned char, unsigned char, void*, unsigned int, unsigned char, unsigned short)
                0x000000000002ab64                CUSBHostController::SetAddress(CUSBEndpoint*, unsigned char)
                0x000000000002abb0                CUSBHostController::SetConfiguration(CUSBEndpoint*, unsigned char)
                0x000000000002abfc                CUSBHostController::Transfer(CUSBEndpoint*, void*, unsigned int)
 .text          0x000000000002ac5c      0x258 ../../lib/usb/libusb.a(usbrequest.o)
                0x000000000002ac5c                CUSBRequest::CUSBRequest(CUSBEndpoint*, void*, unsigned int, TSetupData*)
                0x000000000002ac5c                CUSBRequest::CUSBRequest(CUSBEndpoint*, void*, unsigned int, TSetupData*)
                0x000000000002acf0                CUSBRequest::~CUSBRequest()
                0x000000000002acf0                CUSBRequest::~CUSBRequest()
                0x000000000002acf4                CUSBRequest::GetEndpoint() const
                0x000000000002ad34                CUSBRequest::SetStatus(int)
                0x000000000002ad3c                CUSBRequest::SetResultLen(unsigned int)
                0x000000000002ad44                CUSBRequest::GetStatus() const
                0x000000000002ad4c                CUSBRequest::GetResultLength() const
                0x000000000002ad80                CUSBRequest::GetSetupData()
                0x000000000002addc                CUSBRequest::GetBuffer()
                0x000000000002ae28                CUSBRequest::GetBufLen() const
                0x000000000002ae30                CUSBRequest::SetCompletionRoutine(void (*)(CUSBRequest*, void*, void*), void*, void*)
                0x000000000002ae58                CUSBRequest::CallCompletionRoutine()
                0x000000000002aea0                CUSBRequest::SetCompleteOnNAK()
                0x000000000002aeac                CUSBRequest::IsCompleteOnNAK() const
 .text          0x000000000002aeb4      0x2dc ../../lib/usb/libusb.a(usbdevicefactory.o)
                0x000000000002aeb4                CUSBDeviceFactory::GetDevice(CUSBFunction*, CString*)
 .text          0x000000000002b190      0xa38 ../../lib/usb/libusb.a(usbstandardhub.o)
                0x000000000002b190                CUSBStandardHub::~CUSBStandardHub()
                0x000000000002b190                CUSBStandardHub::~CUSBStandardHub()
                0x000000000002b224                CUSBStandardHub::~CUSBStandardHub()
                0x000000000002b244                CUSBStandardHub::CUSBStandardHub(CUSBFunction*)
                0x000000000002b244                CUSBStandardHub::CUSBStandardHub(CUSBFunction*)
                0x000000000002b290                CUSBStandardHub::EnumeratePorts()
                0x000000000002b9ac                CUSBStandardHub::Configure()
 .text          0x000000000002bbc8      0xc68 ../../lib/usb/libusb.a(usbmassdevice.o)
                0x000000000002bbc8                CUSBBulkOnlyMassStorageDevice::Seek(unsigned long long)
                0x000000000002bbd8                CUSBBulkOnlyMassStorageDevice::~CUSBBulkOnlyMassStorageDevice()
                0x000000000002bbd8                CUSBBulkOnlyMassStorageDevice::~CUSBBulkOnlyMassStorageDevice()
                0x000000000002bc74                CUSBBulkOnlyMassStorageDevice::~CUSBBulkOnlyMassStorageDevice()
                0x000000000002bc94                CUSBBulkOnlyMassStorageDevice::CUSBBulkOnlyMassStorageDevice(CUSBFunction*)
                0x000000000002bc94                CUSBBulkOnlyMassStorageDevice::CUSBBulkOnlyMassStorageDevice(CUSBFunction*)
                0x000000000002bcd8                CUSBBulkOnlyMassStorageDevice::GetCapacity() const
                0x000000000002bce0                CUSBBulkOnlyMassStorageDevice::Command(void*, unsigned int, void*, unsigned int, int)
                0x000000000002bf98                CUSBBulkOnlyMassStorageDevice::TryRead(void*, unsigned int)
                0x000000000002c0c0                CUSBBulkOnlyMassStorageDevice::TryWrite(void const*, unsigned int)
                0x000000000002c1e4                CUSBBulkOnlyMassStorageDevice::Reset()
                0x000000000002c33c                CUSBBulkOnlyMassStorageDevice::Read(void*, unsigned int)
                0x000000000002c39c                CUSBBulkOnlyMassStorageDevice::Write(void const*, unsigned int)
                0x000000000002c3fc                CUSBBulkOnlyMassStorageDevice::Configure()
 .text          0x000000000002c830      0x214 ../../lib/usb/libusb.a(dwhciframeschednper.o)
                0x000000000002c830                CDWHCIFrameSchedulerNonPeriodic::~CDWHCIFrameSchedulerNonPeriodic()
                0x000000000002c830                CDWHCIFrameSchedulerNonPeriodic::~CDWHCIFrameSchedulerNonPeriodic()
                0x000000000002c834                CDWHCIFrameSchedulerNonPeriodic::StartSplit()
                0x000000000002c840                CDWHCIFrameSchedulerNonPeriodic::WaitForFrame()
                0x000000000002c844                CDWHCIFrameSchedulerNonPeriodic::IsOddFrame() const
                0x000000000002c84c                CDWHCIFrameSchedulerNonPeriodic::~CDWHCIFrameSchedulerNonPeriodic()
                0x000000000002c864                CDWHCIFrameSchedulerNonPeriodic::CompleteSplit()
                0x000000000002c8e0                CDWHCIFrameSchedulerNonPeriodic::TransactionComplete(unsigned int)
                0x000000000002c9f4                CDWHCIFrameSchedulerNonPeriodic::CDWHCIFrameSchedulerNonPeriodic()
                0x000000000002c9f4                CDWHCIFrameSchedulerNonPeriodic::CDWHCIFrameSchedulerNonPeriodic()
 .text          0x000000000002ca44      0x2bc ../../lib/usb/libusb.a(dwhciframeschedper.o)
                0x000000000002ca44                CDWHCIFrameSchedulerPeriodic::~CDWHCIFrameSchedulerPeriodic()
                0x000000000002ca44                CDWHCIFrameSchedulerPeriodic::~CDWHCIFrameSchedulerPeriodic()
                0x000000000002ca48                CDWHCIFrameSchedulerPeriodic::StartSplit()
                0x000000000002ca5c                CDWHCIFrameSchedulerPeriodic::IsOddFrame() const
                0x000000000002ca68                CDWHCIFrameSchedulerPeriodic::~CDWHCIFrameSchedulerPeriodic()
                0x000000000002ca80                CDWHCIFrameSchedulerPeriodic::WaitForFrame()
                0x000000000002caf4                CDWHCIFrameSchedulerPeriodic::CompleteSplit()
                0x000000000002cb94                CDWHCIFrameSchedulerPeriodic::TransactionComplete(unsigned int)
                0x000000000002cca8                CDWHCIFrameSchedulerPeriodic::CDWHCIFrameSchedulerPeriodic()
                0x000000000002cca8                CDWHCIFrameSchedulerPeriodic::CDWHCIFrameSchedulerPeriodic()
 .text          0x000000000002cd00      0x43c ../../lib/usb/libusb.a(usbkeyboard.o)
                0x000000000002cd00                CUSBKeyboardDevice::~CUSBKeyboardDevice()
                0x000000000002cd00                CUSBKeyboardDevice::~CUSBKeyboardDevice()
                0x000000000002cd34                CUSBKeyboardDevice::~CUSBKeyboardDevice()
                0x000000000002cd74                CUSBKeyboardDevice::ReportHandler(unsigned char const*)
                0x000000000002ced8                CUSBKeyboardDevice::CUSBKeyboardDevice(CUSBFunction*)
                0x000000000002ced8                CUSBKeyboardDevice::CUSBKeyboardDevice(CUSBFunction*)
                0x000000000002cf24                CUSBKeyboardDevice::RegisterKeyPressedHandler(void (*)(char const*))
                0x000000000002cf2c                CUSBKeyboardDevice::RegisterSelectConsoleHandler(void (*)(unsigned int))
                0x000000000002cf34                CUSBKeyboardDevice::RegisterShutdownHandler(void (*)())
                0x000000000002cf3c                CUSBKeyboardDevice::GetLEDStatus() const
                0x000000000002cf64                CUSBKeyboardDevice::RegisterKeyStatusHandlerRaw(void (*)(unsigned char, unsigned char const*))
                0x000000000002cf9c                CUSBKeyboardDevice::SetLEDs(unsigned char)
                0x000000000002d008                CUSBKeyboardDevice::UpdateLEDs()
                0x000000000002d064                CUSBKeyboardDevice::FindByte(unsigned char const*, unsigned char, unsigned int)
                0x000000000002d090                CUSBKeyboardDevice::Configure()
 .text          0x000000000002d13c      0x1f0 ../../lib/usb/libusb.a(dwhcirootport.o)
                0x000000000002d13c                CDWHCIRootPort::CDWHCIRootPort(CDWHCIDevice*)
                0x000000000002d13c                CDWHCIRootPort::CDWHCIRootPort(CDWHCIDevice*)
                0x000000000002d17c                CDWHCIRootPort::~CDWHCIRootPort()
                0x000000000002d17c                CDWHCIRootPort::~CDWHCIRootPort()
                0x000000000002d1a4                CDWHCIRootPort::Initialize()
 .text          0x000000000002d32c      0x50c ../../lib/usb/libusb.a(usbhiddevice.o)
                0x000000000002d32c                CUSBHIDDevice::CUSBHIDDevice(CUSBFunction*, unsigned int)
                0x000000000002d32c                CUSBHIDDevice::CUSBHIDDevice(CUSBFunction*, unsigned int)
                0x000000000002d378                CUSBHIDDevice::~CUSBHIDDevice()
                0x000000000002d378                CUSBHIDDevice::~CUSBHIDDevice()
                0x000000000002d3dc                CUSBHIDDevice::~CUSBHIDDevice()
                0x000000000002d3fc                CUSBHIDDevice::StartRequest()
                0x000000000002d4f4                CUSBHIDDevice::Configure(unsigned int)
                0x000000000002d6fc                CUSBHIDDevice::CompletionRoutine(CUSBRequest*)
                0x000000000002d7f0                CUSBHIDDevice::CompletionStub(CUSBRequest*, void*, void*)
 .text          0x000000000002d838      0x224 ../../lib/usb/libusb.a(usbmouse.o)
                0x000000000002d838                CUSBMouseDevice::~CUSBMouseDevice()
                0x000000000002d838                CUSBMouseDevice::~CUSBMouseDevice()
                0x000000000002d86c                CUSBMouseDevice::~CUSBMouseDevice()
                0x000000000002d8ac                CUSBMouseDevice::ReportHandler(unsigned char const*)
                0x000000000002d908                CUSBMouseDevice::CUSBMouseDevice(CUSBFunction*)
                0x000000000002d908                CUSBMouseDevice::CUSBMouseDevice(CUSBFunction*)
                0x000000000002d93c                CUSBMouseDevice::Setup(unsigned int, unsigned int)
                0x000000000002d944                CUSBMouseDevice::RegisterEventHandler(void (*)(TMouseEvent, unsigned int, unsigned int, unsigned int))
                0x000000000002d94c                CUSBMouseDevice::SetCursor(unsigned int, unsigned int)
                0x000000000002d954                CUSBMouseDevice::ShowCursor(int)
                0x000000000002d95c                CUSBMouseDevice::RegisterStatusHandler(void (*)(unsigned int, int, int))
                0x000000000002d9b0                CUSBMouseDevice::Configure()
 .text          0x000000000002da5c      0xaa0 ../../lib/usb/libusb.a(usbgamepad.o)
                0x000000000002da5c                CUSBGamePadDevice::~CUSBGamePadDevice()
                0x000000000002da5c                CUSBGamePadDevice::~CUSBGamePadDevice()
                0x000000000002daa0                CUSBGamePadDevice::~CUSBGamePadDevice()
                0x000000000002dac0                CUSBGamePadDevice::CUSBGamePadDevice(CUSBFunction*)
                0x000000000002dac0                CUSBGamePadDevice::CUSBGamePadDevice(CUSBFunction*)
                0x000000000002db40                CUSBGamePadDevice::RegisterStatusHandler(void (*)(unsigned int, TGamePadState const*))
                0x000000000002db94                CUSBGamePadDevice::BitGetUnsigned(void const*, unsigned int, unsigned int)
                0x000000000002dc84                CUSBGamePadDevice::BitGetSigned(void const*, unsigned int, unsigned int)
                0x000000000002dcac                CUSBGamePadDevice::DecodeReport(unsigned char const*)
                0x000000000002e0d8                CUSBGamePadDevice::GetReport()
                0x000000000002e1a4                CUSBGamePadDevice::ReportHandler(unsigned char const*)
                0x000000000002e1dc                CUSBGamePadDevice::PS3Configure()
                0x000000000002e2b4                CUSBGamePadDevice::Configure()
 .text          0x000000000002e4fc      0x600 ../../lib/usb/libusb.a(usbfunction.o)
                0x000000000002e4fc                CUSBFunction::Initialize()
                0x000000000002e504                CUSBFunction::~CUSBFunction()
                0x000000000002e504                CUSBFunction::~CUSBFunction()
                0x000000000002e55c                CUSBFunction::~CUSBFunction()
                0x000000000002e57c                CUSBFunction::CUSBFunction(CUSBDevice*, CUSBConfigurationParser*)
                0x000000000002e57c                CUSBFunction::CUSBFunction(CUSBDevice*, CUSBConfigurationParser*)
                0x000000000002e640                CUSBFunction::CUSBFunction(CUSBFunction*)
                0x000000000002e640                CUSBFunction::CUSBFunction(CUSBFunction*)
                0x000000000002e73c                CUSBFunction::GetInterfaceName() const
                0x000000000002e7b4                CUSBFunction::GetNumEndpoints() const
                0x000000000002e7f4                CUSBFunction::GetDevice() const
                0x000000000002e834                CUSBFunction::GetEndpoint0() const
                0x000000000002e878                CUSBFunction::GetHost() const
                0x000000000002e8bc                CUSBFunction::Configure()
                0x000000000002e980                CUSBFunction::GetDescriptor(unsigned char)
                0x000000000002e9cc                CUSBFunction::ConfigurationError(char const*) const
                0x000000000002ea3c                CUSBFunction::GetInterfaceNumber() const
                0x000000000002ea7c                CUSBFunction::GetInterfaceSubClass() const
                0x000000000002eabc                CUSBFunction::GetInterfaceProtocol() const
 .text          0x000000000002eafc      0x104 ../../lib/usb/libusb.a(dwhciframeschednsplit.o)
                0x000000000002eafc                CDWHCIFrameSchedulerNoSplit::~CDWHCIFrameSchedulerNoSplit()
                0x000000000002eafc                CDWHCIFrameSchedulerNoSplit::~CDWHCIFrameSchedulerNoSplit()
                0x000000000002eb00                CDWHCIFrameSchedulerNoSplit::IsOddFrame() const
                0x000000000002eb0c                CDWHCIFrameSchedulerNoSplit::~CDWHCIFrameSchedulerNoSplit()
                0x000000000002eb24                CDWHCIFrameSchedulerNoSplit::StartSplit()
                0x000000000002eb3c                CDWHCIFrameSchedulerNoSplit::CompleteSplit()
                0x000000000002eb60                CDWHCIFrameSchedulerNoSplit::TransactionComplete(unsigned int)
                0x000000000002eb78                CDWHCIFrameSchedulerNoSplit::WaitForFrame()
                0x000000000002ebe4                CDWHCIFrameSchedulerNoSplit::CDWHCIFrameSchedulerNoSplit(int)
                0x000000000002ebe4                CDWHCIFrameSchedulerNoSplit::CDWHCIFrameSchedulerNoSplit(int)
 .text          0x000000000002ec00      0x384 ../../lib/usb/libusb.a(usbprinter.o)
                0x000000000002ec00                CUSBPrinterDevice::~CUSBPrinterDevice()
                0x000000000002ec00                CUSBPrinterDevice::~CUSBPrinterDevice()
                0x000000000002ec74                CUSBPrinterDevice::~CUSBPrinterDevice()
                0x000000000002ec94                CUSBPrinterDevice::Write(void const*, unsigned int)
                0x000000000002ed3c                CUSBPrinterDevice::CUSBPrinterDevice(CUSBFunction*)
                0x000000000002ed3c                CUSBPrinterDevice::CUSBPrinterDevice(CUSBFunction*)
                0x000000000002ed6c                CUSBPrinterDevice::Configure()
 .text          0x000000000002ef84      0x648 ../../lib/usb/libusb.a(usbbluetooth.o)
                0x000000000002ef84                CUSBBluetoothDevice::~CUSBBluetoothDevice()
                0x000000000002ef84                CUSBBluetoothDevice::~CUSBBluetoothDevice()
                0x000000000002f040                CUSBBluetoothDevice::~CUSBBluetoothDevice()
                0x000000000002f060                CUSBBluetoothDevice::CUSBBluetoothDevice(CUSBFunction*)
                0x000000000002f060                CUSBBluetoothDevice::CUSBBluetoothDevice(CUSBFunction*)
                0x000000000002f09c                CUSBBluetoothDevice::SendHCICommand(void const*, unsigned int)
                0x000000000002f0f8                CUSBBluetoothDevice::StartRequest()
                0x000000000002f1e4                CUSBBluetoothDevice::RegisterHCIEventHandler(void (*)(void const*, unsigned int))
                0x000000000002f228                CUSBBluetoothDevice::CompletionRoutine(CUSBRequest*)
                0x000000000002f35c                CUSBBluetoothDevice::CompletionStub(CUSBRequest*, void*, void*)
                0x000000000002f3a4                CUSBBluetoothDevice::Configure()
 .text          0x000000000002f5cc      0x718 ../../lib/usb/libusb.a(usbmidi.o)
                0x000000000002f5cc                CUSBMIDIDevice::~CUSBMIDIDevice()
                0x000000000002f5cc                CUSBMIDIDevice::~CUSBMIDIDevice()
                0x000000000002f630                CUSBMIDIDevice::~CUSBMIDIDevice()
                0x000000000002f650                CUSBMIDIDevice::CUSBMIDIDevice(CUSBFunction*)
                0x000000000002f650                CUSBMIDIDevice::CUSBMIDIDevice(CUSBFunction*)
                0x000000000002f688                CUSBMIDIDevice::RegisterPacketHandler(void (*)(unsigned int, unsigned char*, unsigned int))
                0x000000000002f6dc                CUSBMIDIDevice::StartRequest()
                0x000000000002f7dc                CUSBMIDIDevice::CompletionRoutine(CUSBRequest*)
                0x000000000002f9d0                CUSBMIDIDevice::CompletionStub(CUSBRequest*, void*, void*)
                0x000000000002fa18                CUSBMIDIDevice::TimerHandler(unsigned int)
                0x000000000002fa58                CUSBMIDIDevice::TimerStub(unsigned int, void*, void*)
                0x000000000002faa0                CUSBMIDIDevice::Configure()
 .text          0x000000000002fce4      0x5a8 ../../lib/usb/libusb.a(usbcdcethernet.o)
                0x000000000002fce4                CUSBCDCEthernetDevice::GetMACAddress() const
                0x000000000002fcec                CUSBCDCEthernetDevice::~CUSBCDCEthernetDevice()
                0x000000000002fcec                CUSBCDCEthernetDevice::~CUSBCDCEthernetDevice()
                0x000000000002fd68                CUSBCDCEthernetDevice::~CUSBCDCEthernetDevice()
                0x000000000002fd88                CUSBCDCEthernetDevice::SendFrame(void const*, unsigned int)
                0x000000000002fe20                CUSBCDCEthernetDevice::ReceiveFrame(void*, unsigned int*)
                0x000000000002ff18                CUSBCDCEthernetDevice::CUSBCDCEthernetDevice(CUSBFunction*)
                0x000000000002ff18                CUSBCDCEthernetDevice::CUSBCDCEthernetDevice(CUSBFunction*)
                0x000000000002ff4c                CUSBCDCEthernetDevice::InitMACAddress(unsigned char)
                0x0000000000030054                CUSBCDCEthernetDevice::Configure()
 .text          0x000000000003028c      0x360 ../../lib/usb/libusb.a(usbconfigparser.o)
                0x000000000003028c                CUSBConfigurationParser::CUSBConfigurationParser(void const*, unsigned int)
                0x000000000003028c                CUSBConfigurationParser::CUSBConfigurationParser(void const*, unsigned int)
                0x00000000000303e8                CUSBConfigurationParser::CUSBConfigurationParser(CUSBConfigurationParser*)
                0x00000000000303e8                CUSBConfigurationParser::CUSBConfigurationParser(CUSBConfigurationParser*)
                0x0000000000030444                CUSBConfigurationParser::~CUSBConfigurationParser()
                0x0000000000030444                CUSBConfigurationParser::~CUSBConfigurationParser()
                0x0000000000030448                CUSBConfigurationParser::IsValid() const
                0x0000000000030450                CUSBConfigurationParser::GetDescriptor(unsigned char)
                0x0000000000030528                CUSBConfigurationParser::GetCurrentDescriptor()
                0x0000000000030580                CUSBConfigurationParser::Error(char const*) const
 .text          0x00000000000305ec      0x5c4 ../../lib/usb/libusb.a(usbstring.o)
                0x00000000000305ec                CUSBString::CUSBString(CUSBDevice*)
                0x00000000000305ec                CUSBString::CUSBString(CUSBDevice*)
                0x0000000000030664                CUSBString::CUSBString(CUSBString*)
                0x0000000000030664                CUSBString::CUSBString(CUSBString*)
                0x0000000000030730                CUSBString::~CUSBString()
                0x0000000000030730                CUSBString::~CUSBString()
                0x0000000000030770                CUSBString::GetFromDescriptor(unsigned char, unsigned short)
                0x00000000000309fc                CUSBString::Get() const
                0x0000000000030a04                CUSBString::GetLanguageID()
 .text          0x0000000000030bb0      0x918 ../../lib/usb/libusb.a(smsc951x.o)
                0x0000000000030bb0                CSMSC951xDevice::GetMACAddress() const
                0x0000000000030bb8                CSMSC951xDevice::~CSMSC951xDevice()
                0x0000000000030bb8                CSMSC951xDevice::~CSMSC951xDevice()
                0x0000000000030c48                CSMSC951xDevice::~CSMSC951xDevice()
                0x0000000000030c68                CSMSC951xDevice::ReceiveFrame(void*, unsigned int*)
                0x0000000000030dfc                CSMSC951xDevice::SendFrame(void const*, unsigned int)
                0x0000000000030ee4                CSMSC951xDevice::CSMSC951xDevice(CUSBFunction*)
                0x0000000000030ee4                CSMSC951xDevice::CSMSC951xDevice(CUSBFunction*)
                0x0000000000030f28                CSMSC951xDevice::WriteReg(unsigned int, unsigned int)
                0x0000000000030f90                CSMSC951xDevice::ReadReg(unsigned int, unsigned int*)
                0x0000000000030ff8                CSMSC951xDevice::DumpReg(char const*, unsigned int)
                0x000000000003106c                CSMSC951xDevice::DumpRegs()
                0x0000000000031204                CSMSC951xDevice::Configure()
 .text          0x00000000000314c8      0x2bc ../../lib/usb/libusb.a(macaddress.o)
                0x00000000000314c8                CMACAddress::CMACAddress()
                0x00000000000314c8                CMACAddress::CMACAddress()
                0x00000000000314d4                CMACAddress::~CMACAddress()
                0x00000000000314d4                CMACAddress::~CMACAddress()
                0x00000000000314d8                CMACAddress::operator==(CMACAddress const&) const
                0x0000000000031558                CMACAddress::operator!=(CMACAddress const&) const
                0x000000000003156c                CMACAddress::Set(unsigned char const*)
                0x00000000000315b4                CMACAddress::CMACAddress(unsigned char const*)
                0x00000000000315b4                CMACAddress::CMACAddress(unsigned char const*)
                0x00000000000315c8                CMACAddress::SetBroadcast()
                0x00000000000315ec                CMACAddress::Get() const
                0x0000000000031620                CMACAddress::CopyTo(unsigned char*) const
                0x000000000003168c                CMACAddress::IsBroadcast() const
                0x00000000000316e8                CMACAddress::GetSize() const
                0x00000000000316f0                CMACAddress::Format(CString*) const
 .text          0x0000000000031784       0xd8 ../../lib/usb/libusb.a(netdevice.o)
                0x0000000000031784                CNetDevice::CNetDevice(CUSBFunction*)
                0x0000000000031784                CNetDevice::CNetDevice(CUSBFunction*)
                0x00000000000317a4                CNetDevice::~CNetDevice()
                0x00000000000317a4                CNetDevice::~CNetDevice()
                0x00000000000317c4                CNetDevice::~CNetDevice()
                0x00000000000317f0                CNetDevice::AddNetDevice()
 .text          0x000000000003185c      0x364 ../../lib/input/libinput.a(keyboardbehaviour.o)
                0x000000000003185c                CKeyboardBehaviour::CKeyboardBehaviour()
                0x000000000003185c                CKeyboardBehaviour::CKeyboardBehaviour()
                0x000000000003188c                CKeyboardBehaviour::~CKeyboardBehaviour()
                0x000000000003188c                CKeyboardBehaviour::~CKeyboardBehaviour()
                0x00000000000318b4                CKeyboardBehaviour::RegisterKeyPressedHandler(void (*)(char const*))
                0x00000000000318ec                CKeyboardBehaviour::RegisterSelectConsoleHandler(void (*)(unsigned int))
                0x0000000000031924                CKeyboardBehaviour::RegisterShutdownHandler(void (*)())
                0x000000000003195c                CKeyboardBehaviour::GetLEDStatus() const
                0x0000000000031964                CKeyboardBehaviour::GenerateKeyEvent(unsigned char)
                0x0000000000031a44                CKeyboardBehaviour::KeyPressed(unsigned char)
                0x0000000000031a80                CKeyboardBehaviour::KeyReleased(unsigned char)
                0x0000000000031ae8                CKeyboardBehaviour::TimerHandler(unsigned int)
                0x0000000000031b78                CKeyboardBehaviour::TimerStub(unsigned int, void*, void*)
 .text          0x0000000000031bc0      0x3e0 ../../lib/input/libinput.a(keymap.o)
                0x0000000000031bc0                CKeyMap::~CKeyMap()
                0x0000000000031bc0                CKeyMap::~CKeyMap()
                0x0000000000031bc4                CKeyMap::ClearTable(unsigned char)
                0x0000000000031bfc                CKeyMap::SetEntry(unsigned char, unsigned char, unsigned short)
                0x0000000000031c54                CKeyMap::Translate(unsigned char, unsigned char)
                0x0000000000031d78                CKeyMap::GetString(unsigned short, unsigned char, char*) const
                0x0000000000031e38                CKeyMap::GetLEDStatus() const
                0x0000000000031e68                CKeyMap::LookupDefaultMap(char const*)
                0x0000000000031f00                CKeyMap::CKeyMap()
                0x0000000000031f00                CKeyMap::CKeyMap()
 .text          0x0000000000031fa0      0x4f4 ../../lib/input/libinput.a(mousebehaviour.o)
                0x0000000000031fa0                CMouseBehaviour::CMouseBehaviour()
                0x0000000000031fa0                CMouseBehaviour::CMouseBehaviour()
                0x0000000000031fc4                CMouseBehaviour::~CMouseBehaviour()
                0x0000000000031fc4                CMouseBehaviour::~CMouseBehaviour()
                0x0000000000031fc8                CMouseBehaviour::Setup(unsigned int, unsigned int)
                0x000000000003211c                CMouseBehaviour::RegisterEventHandler(void (*)(TMouseEvent, unsigned int, unsigned int, unsigned int))
                0x0000000000032170                CMouseBehaviour::SetCursorState(unsigned int, unsigned int, int)
                0x00000000000321ec                CMouseBehaviour::SetCursor(unsigned int, unsigned int)
                0x0000000000032298                CMouseBehaviour::ShowCursor(int)
                0x0000000000032310                CMouseBehaviour::MouseStatusChanged(unsigned int, int, int)
 .text          0x0000000000032494      0x3f8 ../../lib/input/libinput.a(touchscreen.o)
                0x0000000000032494                CTouchScreenDevice::~CTouchScreenDevice()
                0x0000000000032494                CTouchScreenDevice::~CTouchScreenDevice()
                0x00000000000324bc                CTouchScreenDevice::~CTouchScreenDevice()
                0x00000000000324f0                CTouchScreenDevice::CTouchScreenDevice()
                0x00000000000324f0                CTouchScreenDevice::CTouchScreenDevice()
                0x000000000003251c                CTouchScreenDevice::Initialize()
                0x0000000000032630                CTouchScreenDevice::Update()
                0x0000000000032838                CTouchScreenDevice::RegisterEventHandler(void (*)(TTouchScreenEvent, unsigned int, unsigned int, unsigned int))
 .text          0x000000000003288c      0x2a8 ../../lib/fs/libfs.a(partitionmanager.o)
                0x000000000003288c                CPartitionManager::CPartitionManager(CDevice*, char const*)
                0x000000000003288c                CPartitionManager::CPartitionManager(CDevice*, char const*)
                0x00000000000328bc                CPartitionManager::~CPartitionManager()
                0x00000000000328bc                CPartitionManager::~CPartitionManager()
                0x0000000000032908                CPartitionManager::Initialize()
 .text          0x0000000000032b34      0x300 ../../lib/fs/libfs.a(partition.o)
                0x0000000000032b34                CPartition::Read(void*, unsigned int)
                0x0000000000032be4                CPartition::Write(void const*, unsigned int)
                0x0000000000032c94                CPartition::~CPartition()
                0x0000000000032c94                CPartition::~CPartition()
                0x0000000000032cbc                CPartition::~CPartition()
                0x0000000000032cf0                CPartition::Seek(unsigned long long)
                0x0000000000032dc4                CPartition::CPartition(CDevice*, unsigned int, unsigned int)
                0x0000000000032dc4                CPartition::CPartition(CDevice*, unsigned int, unsigned int)
 .text          0x0000000000032e34      0x210 ../../lib/libcircle8.a(actled.o)
                0x0000000000032e34                CActLED::~CActLED()
                0x0000000000032e34                CActLED::~CActLED()
                0x0000000000032e48                CActLED::On()
                0x0000000000032e88                CActLED::Off()
                0x0000000000032ec8                CActLED::CActLED()
                0x0000000000032ec8                CActLED::CActLED()
                0x0000000000032fe8                CActLED::Blink(unsigned int, unsigned int, unsigned int)
                0x0000000000033034                CActLED::Get()
 .text          0x0000000000033044      0x1c8 ../../lib/libcircle8.a(bcmpropertytags.o)
                0x0000000000033044                CBcmPropertyTags::CBcmPropertyTags()
                0x0000000000033044                CBcmPropertyTags::CBcmPropertyTags()
                0x000000000003305c                CBcmPropertyTags::~CBcmPropertyTags()
                0x000000000003305c                CBcmPropertyTags::~CBcmPropertyTags()
                0x0000000000033070                CBcmPropertyTags::GetTags(void*, unsigned int)
                0x0000000000033160                CBcmPropertyTags::GetTag(unsigned int, void*, unsigned int, unsigned int)
 .text          0x000000000003320c      0xca0 ../../lib/libcircle8.a(gpiopin.o)
                0x000000000003320c                CGPIOPin::~CGPIOPin()
                0x000000000003320c                CGPIOPin::~CGPIOPin()
                0x0000000000033210                CGPIOPin::~CGPIOPin()
                0x0000000000033228                CGPIOPin::Write(unsigned int)
                0x00000000000332c4                CGPIOPin::Read() const
                0x000000000003332c                CGPIOPin::Invert()
                0x000000000003336c                CGPIOPin::ConnectInterrupt(void (*)(void*), void*)
                0x0000000000033470                CGPIOPin::DisconnectInterrupt()
                0x0000000000033550                CGPIOPin::EnableInterrupt(TGPIOInterrupt)
                0x0000000000033680                CGPIOPin::DisableInterrupt()
                0x0000000000033740                CGPIOPin::EnableInterrupt2(TGPIOInterrupt)
                0x0000000000033870                CGPIOPin::DisableInterrupt2()
                0x0000000000033934                CGPIOPin::ReadAll()
                0x0000000000033944                CGPIOPin::SetPullUpMode(unsigned int)
                0x00000000000339e4                CGPIOPin::SetAlternateFunction(unsigned int)
                0x0000000000033abc                CGPIOPin::SetMode(TGPIOMode, int)
                0x0000000000033c8c                CGPIOPin::CGPIOPin(unsigned int, TGPIOMode, CGPIOManager*)
                0x0000000000033c8c                CGPIOPin::CGPIOPin(unsigned int, TGPIOMode, CGPIOManager*)
                0x0000000000033d40                CGPIOPin::InterruptHandler()
                0x0000000000033df8                CGPIOPin::DisableAllInterrupts(unsigned int)
 .text.startup  0x0000000000033eac       0x14 ../../lib/libcircle8.a(gpiopin.o)
 .text          0x0000000000033ec0       0xb8 ../../lib/libcircle8.a(libstub.o)
                0x0000000000033ec0                __aeabi_uidiv
                0x0000000000033ed0                __aeabi_uidivmod
                0x0000000000033eec                __aeabi_idiv
                0x0000000000033ef0                __aeabi_idivmod
                0x0000000000033f08                _lock_mutex_mmu
                0x0000000000033f30                _unlock_mutex_mmu
                0x0000000000033f3c                _lock_mutex_swp
                0x0000000000033f50                _lock_mutex_simple
                0x0000000000033f6c                _unlock_mutex_simple
 .text          0x0000000000033f78      0x3a0 ../../lib/libcircle8.a(memory.o)
                0x0000000000033f78                CMemorySystem::~CMemorySystem()
                0x0000000000033f78                CMemorySystem::~CMemorySystem()
                0x0000000000033ff8                CMemorySystem::GetMemSize() const
                0x0000000000034000                CMemorySystem::SetPageTable0(CPageTable*, unsigned int)
                0x000000000003406c                CMemorySystem::SetPageTable0(unsigned int, unsigned int)
                0x00000000000340c0                CMemorySystem::GetTTBR0() const
                0x00000000000340f8                CMemorySystem::GetContextID() const
                0x0000000000034130                CMemorySystem::EnableMMU()
                0x000000000003423c                CMemorySystem::CMemorySystem(int)
                0x000000000003423c                CMemorySystem::CMemorySystem(int)
 .text          0x0000000000034318       0x18 ../../lib/libcircle8.a(new.o)
                0x0000000000034318                operator new(unsigned int)
                0x000000000003431c                operator new[](unsigned int)
                0x0000000000034320                operator delete(void*)
                0x0000000000034324                operator delete[](void*)
                0x0000000000034328                operator delete(void*, unsigned int)
                0x000000000003432c                operator delete[](void*, unsigned int)
 .text          0x0000000000034330       0x18 ../../lib/libcircle8.a(purecall.o)
                0x0000000000034330                __cxa_pure_virtual
 .text          0x0000000000034348      0x160 ../../lib/libcircle8.a(synchronize.o)
                0x0000000000034348                EnterCritical
                0x00000000000343f8                LeaveCritical
                0x000000000003444c                CleanAndInvalidateDataCacheRange
                0x0000000000034488                SyncDataAndInstructionCache
 .text          0x00000000000344a8       0xe4 ../../lib/libcircle8.a(sysinit.o)
                0x00000000000344a8                __aeabi_atexit
                0x00000000000344ac                halt
                0x00000000000344b8                reboot
                0x00000000000344e4                sysinit
 .text          0x000000000003458c      0xbe8 ../../lib/libcircle8.a(timer.o)
                0x00000000000345c4                CTimer::CTimer(CInterruptSystem*)
                0x00000000000345c4                CTimer::CTimer(CInterruptSystem*)
                0x0000000000034644                CTimer::~CTimer()
                0x0000000000034644                CTimer::~CTimer()
                0x000000000003472c                CTimer::SetTimeZone(int)
                0x0000000000034750                CTimer::GetTimeZone() const
                0x0000000000034758                CTimer::SetTime(unsigned int, int)
                0x00000000000347d4                CTimer::GetClockTicks()
                0x00000000000347f0                CTimer::GetTicks() const
                0x00000000000347f8                CTimer::GetUptime() const
                0x0000000000034800                CTimer::GetTime() const
                0x0000000000034808                CTimer::GetUniversalTime() const
                0x0000000000034828                CTimer::GetTimeString()
                0x0000000000034a2c                CTimer::StartKernelTimer(unsigned int, void (*)(unsigned int, void*, void*), void*, void*)
                0x0000000000034b80                CTimer::CancelKernelTimer(unsigned int)
                0x0000000000034c40                CTimer::PollKernelTimers()
                0x0000000000034da8                CTimer::InterruptHandler()
                0x0000000000034ec8                CTimer::InterruptHandler(void*)
                0x0000000000034f08                CTimer::TuneMsDelay()
                0x0000000000034fb4                CTimer::Initialize()
                0x000000000003503c                CTimer::SimpleMsDelay(unsigned int)
                0x0000000000035058                CTimer::SimpleusDelay(unsigned int)
                0x0000000000035064                CTimer::IsLeapYear(unsigned int)
                0x00000000000350bc                CTimer::GetDaysOfMonth(unsigned int, unsigned int)
                0x0000000000035138                CTimer::Get()
 .text          0x0000000000035174      0x464 ../../lib/libcircle8.a(util.o)
                0x0000000000035174                memset
                0x0000000000035198                memcmp
                0x00000000000351f4                strlen
                0x000000000003521c                strcmp
                0x000000000003528c                strcpy
                0x00000000000352b8                strncpy
                0x0000000000035300                strcat
                0x0000000000035344                strchr
                0x0000000000035380                strtok_r
                0x0000000000035458                strtoul
                0x00000000000355d4                char2int
 .text          0x00000000000355d8       0x5c ../../lib/libcircle8.a(util_fast.o)
                0x00000000000355d8                memcpy
 .text          0x0000000000035634       0x40 ../../lib/libcircle8.a(device.o)
                0x0000000000035634                CDevice::~CDevice()
                0x0000000000035634                CDevice::~CDevice()
                0x0000000000035638                CDevice::Read(void*, unsigned int)
                0x0000000000035638                CDevice::Write(void const*, unsigned int)
                0x0000000000035640                CDevice::Seek(unsigned long long)
                0x000000000003564c                CDevice::~CDevice()
                0x0000000000035664                CDevice::CDevice()
                0x0000000000035664                CDevice::CDevice()
 .text          0x0000000000035674      0x4e8 ../../lib/libcircle8.a(koptions.o)
                0x00000000000356d8                CKernelOptions::~CKernelOptions()
                0x00000000000356d8                CKernelOptions::~CKernelOptions()
                0x00000000000356ec                CKernelOptions::GetWidth() const
                0x00000000000356f4                CKernelOptions::GetHeight() const
                0x00000000000356fc                CKernelOptions::GetLogDevice() const
                0x0000000000035708                CKernelOptions::GetLogLevel() const
                0x0000000000035710                CKernelOptions::GetKeyMap() const
                0x0000000000035718                CKernelOptions::GetUSBPowerDelay() const
                0x0000000000035720                CKernelOptions::GetCPUSpeed() const
                0x0000000000035728                CKernelOptions::GetSoCMaxTemp() const
                0x0000000000035730                CKernelOptions::Get()
                0x0000000000035740                CKernelOptions::GetToken()
                0x00000000000357bc                CKernelOptions::CKernelOptions()
                0x00000000000357bc                CKernelOptions::CKernelOptions()
                0x0000000000035b04                CKernelOptions::GetOptionValue(char*)
                0x0000000000035b3c                CKernelOptions::GetDecimal(char*)
 .text          0x0000000000035b5c      0x204 ../../lib/libcircle8.a(pagetable.o)
                0x0000000000035b5c                CPageTable::CPageTable()
                0x0000000000035b5c                CPageTable::CPageTable()
                0x0000000000035c08                CPageTable::CPageTable(unsigned int)
                0x0000000000035c08                CPageTable::CPageTable(unsigned int)
                0x0000000000035d30                CPageTable::~CPageTable()
                0x0000000000035d30                CPageTable::~CPageTable()
                0x0000000000035d54                CPageTable::GetBaseAddress() const
 .text          0x0000000000035d60     0x1220 ../../lib/libcircle8.a(screen.o)
                0x0000000000035d60                CScreenDevice::~CScreenDevice()
                0x0000000000035d60                CScreenDevice::~CScreenDevice()
                0x0000000000035dd8                CScreenDevice::~CScreenDevice()
                0x0000000000035ebc                CScreenDevice::CScreenDevice(unsigned int, unsigned int, int)
                0x0000000000035ebc                CScreenDevice::CScreenDevice(unsigned int, unsigned int, int)
                0x0000000000035f30                CScreenDevice::GetWidth() const
                0x0000000000035f38                CScreenDevice::GetDepth() const
                0x0000000000035f40                CScreenDevice::GetHeight() const
                0x0000000000035f48                CScreenDevice::GetBuffer() const
                0x0000000000035f50                CScreenDevice::SetPalette(unsigned char, unsigned short)
                0x0000000000035f58                CScreenDevice::SetPalette(unsigned char, unsigned int)
                0x0000000000035f60                CScreenDevice::UpdatePalette()
                0x0000000000035f68                CScreenDevice::GetColumns() const
                0x0000000000035f88                CScreenDevice::GetRows() const
                0x0000000000035fa8                CScreenDevice::GetStatus()
                0x0000000000036018                CScreenDevice::SetXY(int, int)
                0x0000000000036024                CScreenDevice::SetStatus(TScreenStatus)
                0x0000000000036138                CScreenDevice::CarriageReturn()
                0x0000000000036144                CScreenDevice::CursorHome()
                0x0000000000036154                CScreenDevice::CursorLeft()
                0x00000000000361c0                CScreenDevice::CursorMove(unsigned int, unsigned int)
                0x0000000000036220                CScreenDevice::CursorUp()
                0x0000000000036250                CScreenDevice::DeleteChars(unsigned int)
                0x0000000000036254                CScreenDevice::DeleteLines(unsigned int)
                0x0000000000036258                CScreenDevice::InsertLines(unsigned int)
                0x000000000003625c                CScreenDevice::InsertMode(int)
                0x0000000000036264                CScreenDevice::ReverseScroll()
                0x0000000000036268                CScreenDevice::SetCursorMode(int)
                0x0000000000036270                CScreenDevice::SetScrollRegion(unsigned int, unsigned int)
                0x00000000000362f0                CScreenDevice::SetStandoutMode(unsigned int)
                0x0000000000036390                CScreenDevice::Scroll()
                0x0000000000036428                CScreenDevice::CursorDown()
                0x0000000000036474                CScreenDevice::NewLine()
                0x0000000000036480                CScreenDevice::CursorRight()
                0x00000000000364bc                CScreenDevice::Tabulator()
                0x0000000000036508                CScreenDevice::DisplayChar(char, unsigned int, unsigned int, unsigned char)
                0x00000000000365c4                CScreenDevice::DisplayChar(char)
                0x00000000000365fc                CScreenDevice::EraseChar(unsigned int, unsigned int)
                0x000000000003666c                CScreenDevice::ClearLineEnd()
                0x0000000000036714                CScreenDevice::EraseChars(unsigned int)
                0x0000000000036720                CScreenDevice::ClearDisplayEnd()
                0x000000000003679c                CScreenDevice::Write(char)
                0x0000000000036c88                CScreenDevice::Write(void const*, unsigned int)
                0x0000000000036d34                CScreenDevice::Initialize()
                0x0000000000036ecc                CScreenDevice::InvertCursor()
                0x0000000000036edc                CScreenDevice::SetPixel(unsigned int, unsigned int, unsigned char)
                0x0000000000036eec                CScreenDevice::GetPixel(unsigned int, unsigned int)
                0x0000000000036f20                CScreenDevice::Rotor(unsigned int, unsigned int)
 .text          0x0000000000036f80       0x90 ../../lib/libcircle8.a(assert.o)
                0x0000000000036f80                assertion_failed
 .text          0x0000000000037010       0xa8 ../../lib/libcircle8.a(chargenerator.o)
                0x0000000000037010                CCharGenerator::CCharGenerator()
                0x0000000000037010                CCharGenerator::CCharGenerator()
                0x000000000003701c                CCharGenerator::~CCharGenerator()
                0x000000000003701c                CCharGenerator::~CCharGenerator()
                0x0000000000037020                CCharGenerator::GetCharWidth() const
                0x0000000000037028                CCharGenerator::GetCharHeight() const
                0x0000000000037030                CCharGenerator::GetUnderline() const
                0x0000000000037038                CCharGenerator::GetPixel(char, unsigned int, unsigned int) const
 .text          0x00000000000370b8      0x194 ../../lib/libcircle8.a(debug.o)
                0x00000000000370b8                debug_hexdump(void const*, unsigned int, char const*)
                0x00000000000371bc                debug_stacktrace(unsigned int const*, char const*)
 .text          0x000000000003724c      0x2ac ../../lib/libcircle8.a(devicenameservice.o)
                0x000000000003724c                CDeviceNameService::CDeviceNameService()
                0x000000000003724c                CDeviceNameService::CDeviceNameService()
                0x0000000000037298                CDeviceNameService::~CDeviceNameService()
                0x0000000000037298                CDeviceNameService::~CDeviceNameService()
                0x00000000000372fc                CDeviceNameService::AddDevice(char const*, CDevice*, int)
                0x00000000000373b8                CDeviceNameService::GetDevice(char const*, int)
                0x00000000000374c0                CDeviceNameService::Get()
 .text          0x00000000000374f8      0x46c ../../lib/libcircle8.a(logger.o)
                0x00000000000374f8                CLogger::CLogger(unsigned int, CTimer*)
                0x00000000000374f8                CLogger::CLogger(unsigned int, CTimer*)
                0x0000000000037540                CLogger::~CLogger()
                0x0000000000037540                CLogger::~CLogger()
                0x0000000000037570                CLogger::Get()
                0x0000000000037580                CLogger::Write(char const*)
                0x000000000003762c                CLogger::Read(void*, unsigned int)
                0x00000000000376fc                CLogger::WriteV(char const*, TLogSeverity, char const*, std::__va_list)
                0x00000000000378f0                CLogger::Write(char const*, TLogSeverity, char const*, ...)
                0x0000000000037920                CLogger::Initialize(CDevice*)
 .text          0x0000000000037964      0x9a4 ../../lib/libcircle8.a(serial.o)
                0x0000000000037964                CSerialDevice::Read(void*, unsigned int)
                0x0000000000037b2c                CSerialDevice::CSerialDevice(CInterruptSystem*, int)
                0x0000000000037b2c                CSerialDevice::CSerialDevice(CInterruptSystem*, int)
                0x0000000000037be8                CSerialDevice::Initialize(unsigned int)
                0x0000000000037da0                CSerialDevice::GetOptions() const
                0x0000000000037dac                CSerialDevice::SetOptions(unsigned int)
                0x0000000000037db8                CSerialDevice::Write(unsigned char)
                0x0000000000037ea0                CSerialDevice::Write(void const*, unsigned int)
                0x0000000000038058                CSerialDevice::InterruptHandler()
                0x00000000000381e8                CSerialDevice::InterruptStub(void*)
                0x0000000000038228                CSerialDevice::~CSerialDevice()
                0x0000000000038228                CSerialDevice::~CSerialDevice()
                0x00000000000382e4                CSerialDevice::~CSerialDevice()
 .text          0x0000000000038308      0xf1c ../../lib/libcircle8.a(string.o)
                0x0000000000038308                CString::~CString()
                0x0000000000038308                CString::~CString()
                0x0000000000038334                CString::~CString()
                0x00000000000383d4                CString::CString()
                0x00000000000383d4                CString::CString()
                0x00000000000383ec                CString::CString(char const*)
                0x00000000000383ec                CString::CString(char const*)
                0x000000000003842c                CString::operator char const*() const
                0x0000000000038444                CString::operator=(char const*)
                0x0000000000038488                CString::GetLength() const
                0x0000000000038498                CString::Append(char const*)
                0x000000000003851c                CString::Compare(char const*) const
                0x0000000000038524                CString::Find(char) const
                0x0000000000038564                CString::PutChar(char, unsigned int)
                0x00000000000385a4                CString::PutString(char const*)
                0x00000000000385e8                CString::ReserveSpace(unsigned int)
                0x00000000000385f4                CString::ntoa(char*, unsigned long, unsigned int, int)
                0x00000000000386b4                CString::ftoa(char*, double, unsigned int)
                0x0000000000038950                CString::FormatV(char const*, std::__va_list)
                0x00000000000391f4                CString::Format(char const*, ...)
 *fill*         0x0000000000039224        0x4 
 .text          0x0000000000039228        0xc ../../lib/libcircle8.a(delayloop.o)
                0x0000000000039228                DelayLoop
 .text          0x0000000000039234      0x258 ../../lib/libcircle8.a(exceptionhandler.o)
                0x0000000000039234                CExceptionHandler::CExceptionHandler()
                0x0000000000039234                CExceptionHandler::CExceptionHandler()
                0x00000000000392c0                CExceptionHandler::~CExceptionHandler()
                0x00000000000392c0                CExceptionHandler::~CExceptionHandler()
                0x00000000000392d4                CExceptionHandler::Throw(unsigned int)
                0x0000000000039314                CExceptionHandler::Throw(unsigned int, TAbortFrame*)
                0x00000000000393f0                CExceptionHandler::Get()
                0x0000000000039428                ExceptionHandler
 .text          0x000000000003948c      0x130 ../../lib/libcircle8.a(exceptionstub.o)
                0x000000000003948c                UndefinedInstructionStub
                0x00000000000394cc                PrefetchAbortStub
                0x000000000003950c                DataAbortStub
                0x000000000003954c                IRQStub
                0x000000000003955c                FIQStub
 .text          0x00000000000395bc      0x55c ../../lib/libcircle8.a(interrupt.o)
                0x00000000000395bc                CInterruptSystem::CInterruptSystem()
                0x00000000000395bc                CInterruptSystem::CInterruptSystem()
                0x00000000000395f4                CInterruptSystem::~CInterruptSystem()
                0x00000000000395f4                CInterruptSystem::~CInterruptSystem()
                0x0000000000039608                CInterruptSystem::Initialize()
                0x0000000000039670                CInterruptSystem::DisconnectFIQ()
                0x00000000000396c8                CInterruptSystem::EnableIRQ(unsigned int)
                0x0000000000039744                CInterruptSystem::ConnectIRQ(unsigned int, void (*)(void*), void*)
                0x00000000000397b4                CInterruptSystem::DisableIRQ(unsigned int)
                0x0000000000039830                CInterruptSystem::DisconnectIRQ(unsigned int)
                0x00000000000398ac                CInterruptSystem::EnableFIQ(unsigned int)
                0x00000000000398f8                CInterruptSystem::ConnectFIQ(unsigned int, void (*)(void*), void*)
                0x0000000000039988                CInterruptSystem::DisableFIQ()
                0x00000000000399a4                CInterruptSystem::Get()
                0x00000000000399dc                CInterruptSystem::CallIRQHandler(unsigned int)
                0x0000000000039a3c                CInterruptSystem::InterruptHandler()
                0x0000000000039b00                InterruptHandler
 .text          0x0000000000039b18      0x398 ../../lib/libcircle8.a(gpiomanager.o)
                0x0000000000039b18                CGPIOManager::CGPIOManager(CInterruptSystem*)
                0x0000000000039b18                CGPIOManager::CGPIOManager(CInterruptSystem*)
                0x0000000000039b44                CGPIOManager::~CGPIOManager()
                0x0000000000039b44                CGPIOManager::~CGPIOManager()
                0x0000000000039bcc                CGPIOManager::Initialize()
                0x0000000000039c4c                CGPIOManager::ConnectInterrupt(CGPIOPin*)
                0x0000000000039cfc                CGPIOManager::DisconnectInterrupt(CGPIOPin*)
                0x0000000000039dc0                CGPIOManager::InterruptHandler()
                0x0000000000039e74                CGPIOManager::InterruptStub(void*)
 .text          0x0000000000039eb0      0x9b4 ../../lib/libcircle8.a(pwmsoundbasedevice.o)
                0x0000000000039eb0                CPWMSoundBaseDevice::GetRange() const
                0x0000000000039eb8                CPWMSoundBaseDevice::Cancel()
                0x0000000000039f10                CPWMSoundBaseDevice::IsActive() const
                0x0000000000039f20                CPWMSoundBaseDevice::GetNextChunk()
                0x000000000003a038                CPWMSoundBaseDevice::Start()
                0x000000000003a22c                CPWMSoundBaseDevice::RunPWM()
                0x000000000003a2b8                CPWMSoundBaseDevice::StopPWM()
                0x000000000003a2f8                CPWMSoundBaseDevice::InterruptHandler()
                0x000000000003a488                CPWMSoundBaseDevice::InterruptStub(void*)
                0x000000000003a4c8                CPWMSoundBaseDevice::SetupDMAControlBlock(unsigned int)
                0x000000000003a560                CPWMSoundBaseDevice::CPWMSoundBaseDevice(CInterruptSystem*, unsigned int, unsigned int)
                0x000000000003a560                CPWMSoundBaseDevice::CPWMSoundBaseDevice(CInterruptSystem*, unsigned int, unsigned int)
                0x000000000003a730                CPWMSoundBaseDevice::~CPWMSoundBaseDevice()
                0x000000000003a730                CPWMSoundBaseDevice::~CPWMSoundBaseDevice()
                0x000000000003a844                CPWMSoundBaseDevice::~CPWMSoundBaseDevice()
 .text          0x000000000003a864      0x1f8 ../../lib/libcircle8.a(virtualgpiopin.o)
                0x000000000003a864                CVirtualGPIOPin::~CVirtualGPIOPin()
                0x000000000003a864                CVirtualGPIOPin::~CVirtualGPIOPin()
                0x000000000003a868                CVirtualGPIOPin::~CVirtualGPIOPin()
                0x000000000003a928                CVirtualGPIOPin::CVirtualGPIOPin(unsigned int)
                0x000000000003a928                CVirtualGPIOPin::CVirtualGPIOPin(unsigned int)
                0x000000000003aa14                CVirtualGPIOPin::Write(unsigned int)
                0x000000000003aa50                CVirtualGPIOPin::Invert()
 .text.startup  0x000000000003aa5c       0x14 ../../lib/libcircle8.a(virtualgpiopin.o)
 .text          0x000000000003aa70      0x408 ../../lib/libcircle8.a(machineinfo.o)
                0x000000000003aa70                CMachineInfo::CMachineInfo()
                0x000000000003aa70                CMachineInfo::CMachineInfo()
                0x000000000003ac40                CMachineInfo::~CMachineInfo()
                0x000000000003ac40                CMachineInfo::~CMachineInfo()
                0x000000000003ac64                CMachineInfo::GetMachineModel() const
                0x000000000003ac6c                CMachineInfo::GetMachineName() const
                0x000000000003ac84                CMachineInfo::GetModelMajor() const
                0x000000000003ac8c                CMachineInfo::GetModelRevision() const
                0x000000000003ac94                CMachineInfo::GetSoCType() const
                0x000000000003ac9c                CMachineInfo::GetRAMSize() const
                0x000000000003aca4                CMachineInfo::GetSoCName() const
                0x000000000003acbc                CMachineInfo::GetRevisionRaw() const
                0x000000000003acc4                CMachineInfo::GetClockRate(unsigned int) const
                0x000000000003ad8c                CMachineInfo::GetGPIOPin(TGPIOVirtualPin) const
                0x000000000003ae00                CMachineInfo::GetDevice(TDeviceId) const
                0x000000000003ae3c                CMachineInfo::Get()
 .text          0x000000000003ae78       0xe0 ../../lib/libcircle8.a(bcmrandom.o)
                0x000000000003ae78                CBcmRandomNumberGenerator::CBcmRandomNumberGenerator()
                0x000000000003ae78                CBcmRandomNumberGenerator::CBcmRandomNumberGenerator()
                0x000000000003aef4                CBcmRandomNumberGenerator::~CBcmRandomNumberGenerator()
                0x000000000003aef4                CBcmRandomNumberGenerator::~CBcmRandomNumberGenerator()
                0x000000000003aef8                CBcmRandomNumberGenerator::GetNumber()
 .text.startup  0x000000000003af58       0x14 ../../lib/libcircle8.a(bcmrandom.o)
 .text          0x000000000003af6c      0x4c8 ../../lib/libcircle8.a(ptrlist.o)
                0x000000000003af6c                CPtrList::CPtrList()
                0x000000000003af6c                CPtrList::CPtrList()
                0x000000000003af78                CPtrList::~CPtrList()
                0x000000000003af78                CPtrList::~CPtrList()
                0x000000000003afac                CPtrList::GetFirst()
                0x000000000003afb4                CPtrList::GetNext(TPtrListElement*)
                0x000000000003b00c                CPtrList::GetPtr(TPtrListElement*)
                0x000000000003b064                CPtrList::InsertBefore(TPtrListElement*, void*)
                0x000000000003b16c                CPtrList::InsertAfter(TPtrListElement*, void*)
                0x000000000003b268                CPtrList::Remove(TPtrListElement*)
                0x000000000003b3bc                CPtrList::Find(void*)
 .text          0x000000000003b434      0x48c ../../lib/libcircle8.a(alloc.o)
                0x000000000003b434                mem_init
                0x000000000003b470                mem_get_size
                0x000000000003b498                malloc
                0x000000000003b660                free
                0x000000000003b77c                palloc
                0x000000000003b860                pfree
 .text.startup  0x000000000003b8c0       0x18 ../../lib/libcircle8.a(alloc.o)
 .text          0x000000000003b8d8      0x170 ../../lib/libcircle8.a(bcmmailbox.o)
                0x000000000003b8d8                CBcmMailBox::CBcmMailBox(unsigned int)
                0x000000000003b8d8                CBcmMailBox::CBcmMailBox(unsigned int)
                0x000000000003b8e4                CBcmMailBox::~CBcmMailBox()